=== Simulator Debug Log Started ===
Timestamp: 2026-09-08T08:53:56.646Z

2026-09-08T08:55:59.910Z [L0]: [firmware_simulator]: simulator opening...
2026-09-08T08:55:59.994Z [L0]: [firmware_simulator]: Gtk-Message: 11:55:59.993: Failed to load module "canberra-gtk-module"
Gtk-Message: 11:55:59.993: Failed to load module "pk-gtk-module"
2026-09-08T08:55:59.998Z [L0]: [firmware_simulator]: Gtk-Message: 11:55:59.994: Failed to load module "canberra-gtk-module"
Gtk-Message: 11:55:59.994: Failed to load module "pk-gtk-module"
2026-09-08T08:56:01.183Z [L0]: 9/8 [0]08:56:00.909 I/quickjs SBEngine: js_trigger_gc *****rt->malloc_gc_threshold is now 1329192, malloc_size 886128
2026-09-08T08:56:01.309Z [L0]: 9/8 [0]08:56:01.035 I/quickjs-libc SBEngine: [jsrt-4.2.0-release.1-402] [2026-09-08T08:56:01.025Z] [jsfwk.debug] [ctx] [-] newCtx{"app":0,"module":0,"appId":1} 
2026-09-08T08:56:01.319Z [L0]: 9/8 [0]08:56:01.045 I/quickjs-libc SBEngine: [jsrt-4.2.0-release.1-402] [2026-09-08T08:56:01.042Z] [jsfwk.debug] [ctx] [-] ctx{"app":0,"module":0,"appId":1}.apply=addFWListener["[Function bound handle]"] 
2026-09-08T08:56:01.326Z [L0]: 9/8 [0]08:56:01.053 I/quickjs-libc SBEngine: [jsrt-4.2.0-release.1-402] [2026-09-08T08:56:01.051Z] [jsfwk.info ] [framework] [-] framework init 
2026-09-08T08:56:01.328Z [L0]: 9/8 [0]08:56:01.055 I/quickjs-libc SBEngine: [jsrt-4.2.0-release.1-402] [2026-09-08T08:56:01.053Z] [jsfwk.info ] [framework] [-] framework version => 4.2 
2026-09-08T08:56:01.332Z [L0]: 9/8 [0]08:56:01.059 I/quickjs-libc SBEngine: [jsrt-4.2.0-release.1-402] [2026-09-08T08:56:01.056Z] [jsfwk.info ] [framework] [-] framework buildDate => 2025-09-19T08:58:30.290Z 
2026-09-08T08:56:01.334Z [L0]: 9/8 [0]08:56:01.061 I/quickjs-libc SBEngine: [jsrt-4.2.0-release.1-402] [2026-09-08T08:56:01.059Z] [jsfwk.info ] [framework] [-] framework commit => b3cc2d2 
2026-09-08T08:56:04.678Z [L0]: 9/8 [0]08:56:04.405 I/quickjs-libc SBEngine: index page.js on build invoke 
2026-09-08T08:56:04.681Z [L0]: 9/8 [0]08:56:04.407 I/quickjs-libc SBEngine: ui pause 
2026-09-08T08:56:12.442Z [L0]: [firmware_simulator]: simulator opening...
2026-09-08T08:56:12.527Z [L0]: [firmware_simulator]: Gtk-Message: 11:56:12.527: Failed to load module "canberra-gtk-module"
Gtk-Message: 11:56:12.527: Failed to load module "pk-gtk-module"
2026-09-08T08:56:12.529Z [L0]: [firmware_simulator]: Gtk-Message: 11:56:12.528: Failed to load module "canberra-gtk-module"
Gtk-Message: 11:56:12.528: Failed to load module "pk-gtk-module"
2026-09-08T08:56:13.654Z [L0]: 9/8 [0]08:56:12.891 I/quickjs SBEngine: js_trigger_gc *****rt->malloc_gc_threshold is now 1329192, malloc_size 886128
2026-09-08T08:56:13.779Z [L0]: 9/8 [0]08:56:13.015 I/quickjs-libc SBEngine: [jsrt-4.2.0-release.1-402] [2026-09-08T08:56:13.006Z] [jsfwk.debug] [ctx] [-] newCtx{"app":0,"module":0,"appId":1} 
2026-09-08T08:56:13.789Z [L0]: 9/8 [0]08:56:13.025 I/quickjs-libc SBEngine: [jsrt-4.2.0-release.1-402] [2026-09-08T08:56:13.022Z] [jsfwk.debug] [ctx] [-] ctx{"app":0,"module":0,"appId":1}.apply=addFWListener["[Function bound handle]"] 
2026-09-08T08:56:13.796Z [L0]: [09/8 [0]08:56:13.033 I/quickjs-libc SBEngine: [jsrt-4.2.0-release.1-402] [2026-09-08T08:56:13.031Z] [jsfwk.info ] [framework] [-] framework init 
2026-09-08T08:56:13.799Z [L0]: 9/8 [0]08:56:13.035 I/quickjs-libc SBEngine: [jsrt-4.2.0-release.1-402] [2026-09-08T08:56:13.034Z] [jsfwk.info ] [framework] [-] framework version => 4.2 
2026-09-08T08:56:13.801Z [L0]: 9/8 [0]08:56:13.037 I/quickjs-libc SBEngine: [jsrt-4.2.0-release.1-402] [2026-09-08T08:56:13.036Z] [jsfwk.info ] [framework] [-] framework buildDate => 2025-09-19T08:58:30.290Z 
2026-09-08T08:56:13.803Z [L0]: 9/8 [0]08:56:13.039 I/quickjs-libc SBEngine: [jsrt-4.2.0-release.1-402] [2026-09-08T08:56:13.038Z] [jsfwk.info ] [framework] [-] framework commit => b3cc2d2 
